[dotenv@17.3.1] injecting env (3) from .env.local -- tip: ?숋툘  enable debug logging with { debug: true }
URL: https://bvrklshwmzqsyeluqlls.supabase.co
Service Key starts with: eyJhbGciOi...
Testing connection...
Success! Found posts: 1
Testing auth getUser with a dummy token (should fail but not crash)...
Auth check error (expected): invalid JWT: unable to parse or verify signature, token is malformed: token contains an invalid number of segments
